2026-06-21 23:25:16 - Phone Detected (1)
